Microchip MPLAB XC8 Compiler V2.05 ()

Linker command line:

--edf=C:\Program Files (x86)\Microchip\xc8\v2.05\pic\dat\en_msgs.txt -cs \
  -h+dist/PIC18F46J50_PIM/production\pic18f46j50_pim.x.production.sym \
  --cmf=dist/PIC18F46J50_PIM/production\pic18f46j50_pim.x.production.cmf -z \
  -Q18F46J50 -oC:\Users\BRIANS~1\AppData\Local\Temp\s7a0.2 \
  --defsym=__MPLAB_BUILD=1 \
  -Mdist/PIC18F46J50_PIM/production/pic18f46j50_pim.x.production.map -E1 \
  -ver=XC8 --acfsm=1493 -ASTACK=0440h-0EBFh -pstack=STACK -ACODE=00h-0FFF7h \
  -ACONST=00h-0FFF7h -ASMALLCONST=0F00h-0FFFhx240,0FF00h-0FFF7h \
  -AMEDIUMCONST=0F00h-0FFF7h -ACOMRAM=01h-05Fh -AABS1=00h-0EBFh \
  -ABIGRAM=01h-0EBFh -ARAM=060h-0FFh,0100h-01FFhx13,0E00h-0EBFh \
  -ABANK0=060h-0FFh -ABANK1=0100h-01FFh -ABANK2=0200h-02FFh \
  -ABANK3=0300h-03FFh -ABANK4=0400h-04FFh -ABANK5=0500h-05FFh \
  -ABANK6=0600h-06FFh -ABANK7=0700h-07FFh -ABANK8=0800h-08FFh \
  -ABANK9=0900h-09FFh -ABANK10=0A00h-0AFFh -ABANK11=0B00h-0BFFh \
  -ABANK12=0C00h-0CFFh -ABANK13=0D00h-0DFFh -ABANK14=0E00h-0EBFh \
  -ASFR=0EC0h-0EFFh,0F00h-0F5Fh,0F60h-0FFFh \
  -preset_vec=00h,intcode=08h,intcodelo,powerup,init -pramtop=0F00h \
  -psmallconst=SMALLCONST -pmediumconst=MEDIUMCONST -pconst=CONST \
  -AFARRAM=00h-00h -ACONFIG=0FFF8h-0FFFFh -pconfig=CONFIG \
  -pjflash_buffer=0F800h \
  -prdata=COMRAM,nvrram=COMRAM,nvbit=COMRAM,rbss=COMRAM,rbit=COMRAM \
  -pfarbss=FARRAM,fardata=FARRAM,nvFARRAM=FARRAM \
  -pintsave_regs=BIGRAM,bigbss=BIGRAM,bigdata=BIGRAM -pbss=RAM \
  -pidata=CODE,irdata=CODE,ibigdata=CODE,ifardata=CODE -prparam=COMRAM \
  C:\Users\BRIANS~1\AppData\Local\Temp\s7a0.o \
  dist/PIC18F46J50_PIM/production\pic18f46j50_pim.x.production.o 

Object code version is 3.11

Machine type is 18F46J50

Call graph: (short form)




                Name                               Link     Load   Length Selector   Space Scale
C:\Users\BRIANS~1\AppData\Local\Temp\s7a0.o
                init                                 62       62        4        4       0
                reset_vec                             0        0        4        0       0
                config                             FFF8     FFF8        8     FFF8       0
dist/PIC18F46J50_PIM/production\pic18f46j50_pim.x.production.o
                intcode                               8        8       5A        4       0
                temp                                 51       51        1        1       1
                smallconst                          F00      F00       CC      780       0
                text49                             216E     216E       CC      7E6       0
                text48                             22FE     22FE       C4      7E6       0
                text47                             223A     223A       C4      7E6       0
                text46                             1BDA     1BDA      10A      7E6       0
                text45                             2A90     2A90       5C      7E6       0
                text44                             2E30     2E30       24      7E6       0
                text43                             2D7A     2D7A       30      7E6       0
                text42                             2D4A     2D4A       30      7E6       0
                text41                             27A8     27A8       92      7E6       0
                text40                             2714     2714       94      7E6       0
                text39                             2C12     2C12       38      7E6       0
                text38                             1CE4     1CE4      102      7E6       0
                text37                             2A2C     2A2C       64      7E6       0
                text36                             2482     2482       BC      7E6       0
                text35                             2E06     2E06       2A      7E6       0
                text34                             2D1A     2D1A       30      7E6       0
                text33                             29BE     29BE       6E      7E6       0
                text32                             28CA     28CA       82      7E6       0
                text31                              FCC      FCC      26E      7E6       0
                text30                             14DC     14DC      138      7E6       0
                text29                             23C2     23C2       C0      7E6       0
                text28                             187E     187E      132      7E6       0
                text27                             209A     209A       D4      7E6       0
                text26                             1ED6     1ED6       E4      7E6       0
                text25                             25E0     25E0       9E      7E6       0
                text24                             1FBA     1FBA       E0      7E6       0
                text23                             283A     283A       90      7E6       0
                text22                             2BCE     2BCE       44      7E6       0
                text21                             267E     267E       96      7E6       0
                text20                             2E76     2E76       1E      7E6       0
                text19                             2B8A     2B8A       44      7E6       0
                text18                             2DD8     2DD8       2E      7E6       0
                text17                             2CB4     2CB4       34      7E6       0
                text16                             174A     174A      134      7E6       0
                text15                             13A2     13A2      13A      7E6       0
                text13                             2C4A     2C4A       36      7E6       0
                text12                             19B0     19B0      11A      7E6       0
                text11                             1ACA     1ACA      110      7E6       0
                text10                             253E     253E       A2      7E6       0
                text9                              2E54     2E54       22      7E6       0
                text8                              2B3E     2B3E       4C      7E6       0
                text7                              1DE6     1DE6       F0      7E6       0
                text6                              2DAA     2DAA       2E      7E6       0
                text5                              2C80     2C80       34      7E6       0
                text4                              294C     294C       72      7E6       0
                text3                              2CE8     2CE8       32      7E6       0
                text2                              123A     123A      168      7E6       0
                text1                              1614     1614      136      7E6       0
                text0                              2E94     2E94       14      7E6       0
                cstackCOMRAM                          1        1       29        1       1
                cstackBANK0                          F6       F6        A       60       1
                cstackBANK1                         1C0      1C0        A      100       1
                bssBANK1                            100      100       C0      100       1
                dataBANK0                            E4       E4       12       60       1
                bssBANK0                             60       60       84       60       1
                bssCOMRAM                            2A       2A       27        1       1
                cinit                              2AEC     2AEC       52      7E6       0
                idataBANK0                         2EA8     2EA8       12      7E6       0

TOTAL           Name                               Link     Load   Length     Space
        CLASS   STACK          

        CLASS   CODE           
                intcode                               8        8       5A         0
                init                                 62       62        4         0
                reset_vec                             0        0        4         0
                text49                             216E     216E       CC         0
                text48                             22FE     22FE       C4         0
                text47                             223A     223A       C4         0
                text46                             1BDA     1BDA      10A         0
                text45                             2A90     2A90       5C         0
                text44                             2E30     2E30       24         0
                text43                             2D7A     2D7A       30         0
                text42                             2D4A     2D4A       30         0
                text41                             27A8     27A8       92         0
                text40                             2714     2714       94         0
                text39                             2C12     2C12       38         0
                text38                             1CE4     1CE4      102         0
                text37                             2A2C     2A2C       64         0
                text36                             2482     2482       BC         0
                text35                             2E06     2E06       2A         0
                text34                             2D1A     2D1A       30         0
                text33                             29BE     29BE       6E         0
                text32                             28CA     28CA       82         0
                text31                              FCC      FCC      26E         0
                text30                             14DC     14DC      138         0
                text29                             23C2     23C2       C0         0
                text28                             187E     187E      132         0
                text27                             209A     209A       D4         0
                text26                             1ED6     1ED6       E4         0
                text25                             25E0     25E0       9E         0
                text24                             1FBA     1FBA       E0         0
                text23                             283A     283A       90         0
                text22                             2BCE     2BCE       44         0
                text21                             267E     267E       96         0
                text20                             2E76     2E76       1E         0
                text19                             2B8A     2B8A       44         0
                text18                             2DD8     2DD8       2E         0
                text17                             2CB4     2CB4       34         0
                text16                             174A     174A      134         0
                text15                             13A2     13A2      13A         0
                text13                             2C4A     2C4A       36         0
                text12                             19B0     19B0      11A         0
                text11                             1ACA     1ACA      110         0
                text10                             253E     253E       A2         0
                text9                              2E54     2E54       22         0
                text8                              2B3E     2B3E       4C         0
                text7                              1DE6     1DE6       F0         0
                text6                              2DAA     2DAA       2E         0
                text5                              2C80     2C80       34         0
                text4                              294C     294C       72         0
                text3                              2CE8     2CE8       32         0
                text2                              123A     123A      168         0
                text1                              1614     1614      136         0
                text0                              2E94     2E94       14         0
                cinit                              2AEC     2AEC       52         0
                idataBANK0                         2EA8     2EA8       12         0

        CLASS   CONST          

        CLASS   SMALLCONST     
                smallconst                          F00      F00       CC         0

        CLASS   MEDIUMCONST    

        CLASS   COMRAM         
                temp                                 51       51        1         1
                cstackCOMRAM                          1        1       29         1
                bssCOMRAM                            2A       2A       27         1

        CLASS   ABS1           
                abs_s1                              400      400       40         1

        CLASS   BIGRAM         

        CLASS   RAM            

        CLASS   BANK0          
                cstackBANK0                          F6       F6        A         1
                dataBANK0                            E4       E4       12         1
                bssBANK0                             60       60       84         1

        CLASS   BANK1          
                cstackBANK1                         1C0      1C0        A         1
                bssBANK1                            100      100       C0         1

        CLASS   BANK2          

        CLASS   BANK3          

        CLASS   BANK4          

        CLASS   BANK5          

        CLASS   BANK6          

        CLASS   BANK7          

        CLASS   BANK8          

        CLASS   BANK9          

        CLASS   BANK10         

        CLASS   BANK11         

        CLASS   BANK12         

        CLASS   BANK13         

        CLASS   BANK14         

        CLASS   SFR            

        CLASS   FARRAM         

        CLASS   CONFIG         
                config                             FFF8     FFF8        8         0

        CLASS   IDLOC          



SEGMENTS        Name                           Load    Length   Top    Selector   Space  Class

                reset_vec                      000000  000004  000004         0       0  CODE    
                cstackCOMRAM                   000001  000051  000052         1       1  COMRAM  
                intcode                        000008  00005E  000066         4       0  CODE    
                bssBANK0                       000060  0000A0  000100        60       1  BANK0   
                bssBANK1                       000100  0000CA  0001CA       100       1  BANK1   
                smallconst                     000F00  0000CC  000FCC       780       0  SMALLCON
                text31                         000FCC  001EEE  002EBA       7E6       0  CODE    
                config                         00FFF8  000008  010000      FFF8       0  CONFIG  


UNUSED ADDRESS RANGES

        Name                Unused          Largest block    Delta
        BANK1            001CA-001FF              36
        BANK10           00A00-00AFF             100
        BANK11           00B00-00BFF             100
        BANK12           00C00-00CFF             100
        BANK13           00D00-00DFF             100
        BANK14           00E00-00EBF              C0
        BANK2            00200-002FF             100
        BANK3            00300-003FF             100
        BANK4            00440-004FF              C0
        BANK5            00500-005FF             100
        BANK6            00600-006FF             100
        BANK7            00700-007FF             100
        BANK8            00800-008FF             100
        BANK9            00900-009FF             100
        BIGRAM           00052-0005F               E
                         001CA-003FF             236
                         00440-00EBF             A80
        CODE             00004-00007               4
                         00066-00EFF             E9A
                         02EBA-0FFF7            D13E
        COMRAM           00052-0005F               E
        CONST            00004-00007               4
                         00066-00EFF             E9A
                         02EBA-0FFF7            D13E
        MEDIUMCONST      02EBA-0FFF7            D13E
        RAM              001CA-003FF             100
                         00440-00EBF             100
        SFR              00EC0-00FFF              60
        SMALLCONST       02EBA-0FFF7             100
        STACK            00440-00EBF             A80

                                  Symbol Table

?_USBTransferOnePacket                       cstackBANK0   000F6
?i2_USBTransferOnePacket                     cstackCOMRAM  00001
APP_DeviceCDCBasicDemoTasks@i                cstackBANK1   001C9
APP_DeviceCDCBasicDemoTasks@numBytesRead     cstackBANK1   001C8
APP_LEDUpdateUSBStatus@ledCount              bssCOMRAM     0002E
BUTTON_Enable@button                         cstackBANK0   000F8
BUTTON_IsPressed@button                      cstackBANK0   000F8
CDCTxService@byte_to_send                    cstackBANK0   000FF
CDCTxService@i                               cstackBANK0   000FE
LED_Enable@led                               cstackBANK0   000F8
LED_Off@led                                  cstackCOMRAM  00003
LED_On@led                                   cstackCOMRAM  00003
SYSTEM_Initialize@pll_startup_counter        cstackBANK0   000FB
SYSTEM_Initialize@pll_startup_counter_2775   cstackBANK0   000FD
SYSTEM_Initialize@state                      cstackBANK0   000FF
USBConfigureEndpoint@EPNum                   cstackCOMRAM  00006
USBConfigureEndpoint@direction               cstackCOMRAM  00001
USBConfigureEndpoint@handle                  cstackCOMRAM  00007
USBCtrlTrfInHandler@lastDTS                  cstackCOMRAM  00002
USBCtrlTrfRxService@byteToRead               cstackCOMRAM  00002
USBCtrlTrfRxService@i                        cstackCOMRAM  00001
USBCtrlTrfTxService@byteToSend               cstackCOMRAM  00001
USBDeviceInit@i                              cstackBANK0   000FE
USBDeviceTasks@i                             cstackCOMRAM  0001F
USBEnableEndpoint@ep                         cstackCOMRAM  0000C
USBEnableEndpoint@options                    cstackCOMRAM  00009
USBEnableEndpoint@p                          cstackCOMRAM  0000A
USBStdFeatureReqHandler@current_ep_data      cstackCOMRAM  00019
USBStdFeatureReqHandler@p                    cstackCOMRAM  0001A
USBStdFeatureReqHandler@pUEP                 cstackCOMRAM  00017
USBStdGetStatusHandler@p                     cstackCOMRAM  00003
USBStdSetCfgHandler@i                        cstackCOMRAM  00015
USBTransferOnePacket@data                    cstackBANK0   000F7
USBTransferOnePacket@dir                     cstackBANK0   000F6
USBTransferOnePacket@ep                      cstackBANK1   001C0
USBTransferOnePacket@handle                  cstackBANK1   001C1
USBTransferOnePacket@len                     cstackBANK0   000F9
USER_USB_CALLBACK_EVENT_HANDLER@event        cstackCOMRAM  0000D
USER_USB_CALLBACK_EVENT_HANDLER@pdata        cstackCOMRAM  0000F
USER_USB_CALLBACK_EVENT_HANDLER@size         cstackCOMRAM  00011
_ANCON1bits                                  (abs)         00F49
_APP_DeviceCDCBasicDemoInitialize            text44        02E30
_APP_DeviceCDCBasicDemoTasks                 text7         01DE6
_APP_LEDUpdateUSBStatus                      text41        027A8
_BDT                                         (abs)         00400
_BUTTON_Enable                               text6         02DAA
_BUTTON_IsPressed                            text13        02C4A
_BaudRateGen                                 bssBANK0      00084
_BothEP0OutUOWNsSet                          bssCOMRAM     0003F
_CDCDataInHandle                             bssBANK0      00094
_CDCDataOutHandle                            bssBANK0      00096
_CDCInitEP                                   text37        02A2C
_CDCTxService                                text11        01ACA
_CtrlTrfData                                 (abs)         00438
_INTCONbits                                  (abs)         00FF2
_IPR2bits                                    (abs)         00FA2
_LATEbits                                    (abs)         00F8D
_LED_Enable                                  text5         02C80
_LED_Off                                     text43        02D7A
_LED_On                                      text42        02D4A
_OSCCON                                      (abs)         00FD3
_OSCTUNEbits                                 (abs)         00F9B
_PIE2bits                                    (abs)         00FA0
_PIR2bits                                    (abs)         00FA1
_PORTBbits                                   (abs)         00F81
_RCONbits                                    (abs)         00FD0
_RemoteWakeup                                bssCOMRAM     00042
_SYSTEM_Initialize                           text4         0294C
_SYS_InterruptHigh                           intcode       00008
_SetupPkt                                    (abs)         00430
_TRISBbits                                   (abs)         00F93
_TRISEbits                                   (abs)         00F96
_UADDR                                       (abs)         00F38
_UCFG                                        (abs)         00F39
_UCON                                        (abs)         00F65
_UCONbits                                    (abs)         00F65
_UEIE                                        (abs)         00F37
_UEIR                                        (abs)         00F63
_UEP0                                        (abs)         00F26
_UEP0bits                                    (abs)         00F26
_UEP1                                        (abs)         00F27
_UIE                                         (abs)         00F36
_UIEbits                                     (abs)         00F36
_UIR                                         (abs)         00F62
_UIRbits                                     (abs)         00F62
_USB1msTickCount                             bssCOMRAM     0002A
_USBActiveConfiguration                      bssCOMRAM     00050
_USBAlternateInterface                       bssCOMRAM     0004D
_USBBusIsSuspended                           bssCOMRAM     00041
_USBCheckCDCRequest                          text36        02482
_USBCheckStdRequest                          text26        01ED6
_USBConfigureEndpoint                        text40        02714
_USBCtrlEPAllowDataStage                     text25        025E0
_USBCtrlEPAllowStatusStage                   text47        0223A
_USBCtrlEPService                            text21        0267E
_USBCtrlEPServiceComplete                    text24        01FBA
_USBCtrlTrfInHandler                         text48        022FE
_USBCtrlTrfOutHandler                        text45        02A90
_USBCtrlTrfRxService                         text46        01BDA
_USBCtrlTrfSetupHandler                      text23        0283A
_USBCtrlTrfTxService                         text49        0216E
_USBDeferINDataStagePackets                  bssCOMRAM     0003A
_USBDeferOUTDataStagePackets                 bssCOMRAM     00039
_USBDeferStatusStagePacket                   bssCOMRAM     0003D
_USBDeviceAttach                             text3         02CE8
_USBDeviceInit                               text1         01614
_USBDeviceState                              bssCOMRAM     00045
_USBDeviceTasks                              text15        013A2
_USBEnableEndpoint                           text39        02C12
_USBIncrement1msInternalTimers               text20        02E76
_USBStallHandler                             text19        02B8A
_USBStatusStageEnabledFlag1                  bssCOMRAM     0003C
_USBStatusStageEnabledFlag2                  bssCOMRAM     0003B
_USBStatusStageTimeoutCounter                bssCOMRAM     0003E
_USBStdFeatureReqHandler                     text31        00FCC
_USBStdGetDscHandler                         text30        014DC
_USBStdGetStatusHandler                      text29        023C2
_USBStdSetCfgHandler                         text27        0209A
_USBSuspend                                  text18        02DD8
_USBTicksSinceSuspendEnd                     bssCOMRAM     00038
_USBTransferOnePacket                        text12        019B0
_USBWakeFromSuspend                          text17        02CB4
_USB_CD_Ptr                                  smallconst    00F07
_USB_SD_Ptr                                  smallconst    00F01
_USER_USB_CALLBACK_EVENT_HANDLER             text32        028CA
_USTAT                                       (abs)         00F64
_USTATcopy                                   bssCOMRAM     0004F
__CFG_CP0$OFF                                (abs)         00000
__CFG_CPUDIV$OSC1                            (abs)         00000
__CFG_DSBOREN$OFF                            (abs)         00000
__CFG_DSWDTEN$OFF                            (abs)         00000
__CFG_DSWDTOSC$INTOSCREF                     (abs)         00000
__CFG_DSWDTPS$8192                           (abs)         00000
__CFG_FCMEN$OFF                              (abs)         00000
__CFG_IESO$OFF                               (abs)         00000
__CFG_IOL1WAY$OFF                            (abs)         00000
__CFG_LPT1OSC$OFF                            (abs)         00000
__CFG_MSSP7B_EN$MSK7                         (abs)         00000
__CFG_OSC$HSPLL                              (abs)         00000
__CFG_PLLDIV$3                               (abs)         00000
__CFG_RTCOSC$T1OSCREF                        (abs)         00000
__CFG_STVREN$ON                              (abs)         00000
__CFG_T1DIG$ON                               (abs)         00000
__CFG_WDTEN$OFF                              (abs)         00000
__CFG_WDTPS$32768                            (abs)         00000
__CFG_WPCFG$OFF                              (abs)         00000
__CFG_WPDIS$OFF                              (abs)         00000
__CFG_WPEND$PAGE_0                           (abs)         00000
__CFG_WPFP$PAGE_1                            (abs)         00000
__CFG_XINST$OFF                              (abs)         00000
__HRAM                                       (abs)         00000
__Habs1                                      abs1          00000
__Hbank0                                     bank0         00000
__Hbank1                                     bank1         00000
__Hbank10                                    bank10        00000
__Hbank11                                    bank11        00000
__Hbank12                                    bank12        00000
__Hbank13                                    bank13        00000
__Hbank14                                    bank14        00000
__Hbank2                                     bank2         00000
__Hbank3                                     bank3         00000
__Hbank4                                     bank4         00000
__Hbank5                                     bank5         00000
__Hbank6                                     bank6         00000
__Hbank7                                     bank7         00000
__Hbank8                                     bank8         00000
__Hbank9                                     bank9         00000
__Hbigbss                                    bigbss        00000
__Hbigdata                                   bigdata       00000
__Hbigram                                    bigram        00000
__Hbss                                       bss           00000
__HbssBANK0                                  bssBANK0      00000
__HbssBANK1                                  bssBANK1      00000
__HbssCOMRAM                                 bssCOMRAM     00000
__Hcinit                                     cinit         00000
__Hclrtext                                   clrtext       00000
__Hcomram                                    comram        00000
__Hconfig                                    config        10000
__Hconst                                     const         00000
__HcstackBANK0                               cstackBANK0   00000
__HcstackBANK1                               cstackBANK1   00000
__HcstackCOMRAM                              cstackCOMRAM  00000
__Hdata                                      data          00000
__HdataBANK0                                 dataBANK0     00000
__Hfarbss                                    farbss        00000
__Hfardata                                   fardata       00000
__Hibigdata                                  ibigdata      00000
__Hidata                                     idata         00000
__HidataBANK0                                idataBANK0    00000
__Hidloc                                     idloc         00000
__Hifardata                                  ifardata      00000
__Hinit                                      init          00066
__Hintcode                                   intcode       00062
__Hintcode_body                              intcode_body  00000
__Hintcodelo                                 intcodelo     00062
__Hintentry                                  intentry      00000
__Hintret                                    intret        00000
__Hintsave_regs                              intsave_regs  00000
__Hirdata                                    irdata        00000
__Hjflash_buffer                             jflash_buffer 0F800
__Hmediumconst                               mediumconst   00000
__HnvFARRAM                                  nvFARRAM      00000
__Hnvbit                                     nvbit         00000
__Hnvrram                                    nvrram        00000
__Hparam                                     rparam        00000
__Hpowerup                                   powerup       00062
__Hram                                       ram           00000
__Hramtop                                    ramtop        00F00
__Hrbit                                      rbit          00000
__Hrbss                                      rbss          00000
__Hrdata                                     rdata         00000
__Hreset_vec                                 reset_vec     00004
__Hrparam                                    rparam        00000
__Hsfr                                       sfr           00000
__Hsmallconst                                smallconst    00FCC
__Hspace_0                                   (abs)         10000
__Hspace_1                                   (abs)         001CA
__Hspace_2                                   (abs)         00000
__Hstack                                     stack         00000
__Hstruct                                    struct        00000
__Htemp                                      temp          00052
__Htext                                      text          00000
__Htext0                                     text0         00000
__Htext1                                     text1         00000
__Htext10                                    text10        00000
__Htext11                                    text11        00000
__Htext12                                    text12        00000
__Htext13                                    text13        00000
__Htext15                                    text15        00000
__Htext16                                    text16        00000
__Htext17                                    text17        00000
__Htext18                                    text18        00000
__Htext19                                    text19        00000
__Htext2                                     text2         00000
__Htext20                                    text20        00000
__Htext21                                    text21        00000
__Htext22                                    text22        00000
__Htext23                                    text23        00000
__Htext24                                    text24        00000
__Htext25                                    text25        00000
__Htext26                                    text26        00000
__Htext27                                    text27        00000
__Htext28                                    text28        00000
__Htext29                                    text29        00000
__Htext3                                     text3         00000
__Htext30                                    text30        00000
__Htext31                                    text31        00000
__Htext32                                    text32        00000
__Htext33                                    text33        00000
__Htext34                                    text34        00000
__Htext35                                    text35        00000
__Htext36                                    text36        00000
__Htext37                                    text37        00000
__Htext38                                    text38        00000
__Htext39                                    text39        00000
__Htext4                                     text4         00000
__Htext40                                    text40        00000
__Htext41                                    text41        00000
__Htext42                                    text42        00000
__Htext43                                    text43        00000
__Htext44                                    text44        00000
__Htext45                                    text45        00000
__Htext46                                    text46        00000
__Htext47                                    text47        00000
__Htext48                                    text48        00000
__Htext49                                    text49        00000
__Htext5                                     text5         00000
__Htext6                                     text6         00000
__Htext7                                     text7         00000
__Htext8                                     text8         00000
__Htext9                                     text9         00000
__LRAM                                       (abs)         00001
__Labs1                                      abs1          00000
__Lbank0                                     bank0         00000
__Lbank1                                     bank1         00000
__Lbank10                                    bank10        00000
__Lbank11                                    bank11        00000
__Lbank12                                    bank12        00000
__Lbank13                                    bank13        00000
__Lbank14                                    bank14        00000
__Lbank2                                     bank2         00000
__Lbank3                                     bank3         00000
__Lbank4                                     bank4         00000
__Lbank5                                     bank5         00000
__Lbank6                                     bank6         00000
__Lbank7                                     bank7         00000
__Lbank8                                     bank8         00000
__Lbank9                                     bank9         00000
__Lbigbss                                    bigbss        00000
__Lbigdata                                   bigdata       00000
__Lbigram                                    bigram        00000
__Lbss                                       bss           00000
__LbssBANK0                                  bssBANK0      00000
__LbssBANK1                                  bssBANK1      00000
__LbssCOMRAM                                 bssCOMRAM     00000
__Lcinit                                     cinit         00000
__Lclrtext                                   clrtext       00000
__Lcomram                                    comram        00000
__Lconfig                                    config        0FFF8
__Lconst                                     const         00000
__LcstackBANK0                               cstackBANK0   00000
__LcstackBANK1                               cstackBANK1   00000
__LcstackCOMRAM                              cstackCOMRAM  00000
__Ldata                                      data          00000
__LdataBANK0                                 dataBANK0     00000
__Lfarbss                                    farbss        00000
__Lfardata                                   fardata       00000
__Libigdata                                  ibigdata      00000
__Lidata                                     idata         00000
__LidataBANK0                                idataBANK0    00000
__Lidloc                                     idloc         00000
__Lifardata                                  ifardata      00000
__Linit                                      init          00062
__Lintcode                                   intcode       00008
__Lintcode_body                              intcode_body  00000
__Lintcodelo                                 intcodelo     00062
__Lintentry                                  intentry      00000
__Lintret                                    intret        00000
__Lintsave_regs                              intsave_regs  00000
__Lirdata                                    irdata        00000
__Ljflash_buffer                             jflash_buffer 0F800
__Lmediumconst                               mediumconst   00000
__LnvFARRAM                                  nvFARRAM      00000
__Lnvbit                                     nvbit         00000
__Lnvrram                                    nvrram        00000
__Lparam                                     rparam        00000
__Lpowerup                                   powerup       00062
__Lram                                       ram           00000
__Lramtop                                    ramtop        00F00
__Lrbit                                      rbit          00000
__Lrbss                                      rbss          00000
__Lrdata                                     rdata         00000
__Lreset_vec                                 reset_vec     00000
__Lrparam                                    rparam        00000
__Lsfr                                       sfr           00000
__Lsmallconst                                smallconst    00F00
__Lspace_0                                   (abs)         00000
__Lspace_1                                   (abs)         00000
__Lspace_2                                   (abs)         00000
__Lstack                                     stack         00000
__Lstruct                                    struct        00000
__Ltemp                                      temp          00051
__Ltext                                      text          00000
__Ltext0                                     text0         00000
__Ltext1                                     text1         00000
__Ltext10                                    text10        00000
__Ltext11                                    text11        00000
__Ltext12                                    text12        00000
__Ltext13                                    text13        00000
__Ltext15                                    text15        00000
__Ltext16                                    text16        00000
__Ltext17                                    text17        00000
__Ltext18                                    text18        00000
__Ltext19                                    text19        00000
__Ltext2                                     text2         00000
__Ltext20                                    text20        00000
__Ltext21                                    text21        00000
__Ltext22                                    text22        00000
__Ltext23                                    text23        00000
__Ltext24                                    text24        00000
__Ltext25                                    text25        00000
__Ltext26                                    text26        00000
__Ltext27                                    text27        00000
__Ltext28                                    text28        00000
__Ltext29                                    text29        00000
__Ltext3                                     text3         00000
__Ltext30                                    text30        00000
__Ltext31                                    text31        00000
__Ltext32                                    text32        00000
__Ltext33                                    text33        00000
__Ltext34                                    text34        00000
__Ltext35                                    text35        00000
__Ltext36                                    text36        00000
__Ltext37                                    text37        00000
__Ltext38                                    text38        00000
__Ltext39                                    text39        00000
__Ltext4                                     text4         00000
__Ltext40                                    text40        00000
__Ltext41                                    text41        00000
__Ltext42                                    text42        00000
__Ltext43                                    text43        00000
__Ltext44                                    text44        00000
__Ltext45                                    text45        00000
__Ltext46                                    text46        00000
__Ltext47                                    text47        00000
__Ltext48                                    text48        00000
__Ltext49                                    text49        00000
__Ltext5                                     text5         00000
__Ltext6                                     text6         00000
__Ltext7                                     text7         00000
__Ltext8                                     text8         00000
__Ltext9                                     text9         00000
__S0                                         (abs)         10000
__S1                                         (abs)         001CA
__S2                                         (abs)         00000
___inthi_sp                                  stack         00000
___intlo_sp                                  stack         00000
___param_bank                                (abs)         00000
___rparam_used                               (abs)         00001
___sp                                        stack         00000
__accesstop                                  (abs)         00060
__activetblptr                               (abs)         00002
__end_of_APP_DeviceCDCBasicDemoInitialize    text44        02E54
__end_of_APP_DeviceCDCBasicDemoTasks         text7         01ED6
__end_of_APP_LEDUpdateUSBStatus              text41        0283A
__end_of_BUTTON_Enable                       text6         02DD8
__end_of_BUTTON_IsPressed                    text13        02C80
__end_of_CDCInitEP                           text37        02A90
__end_of_CDCTxService                        text11        01BDA
__end_of_LED_Enable                          text5         02CB4
__end_of_LED_Off                             text43        02DAA
__end_of_LED_On                              text42        02D7A
__end_of_SYSTEM_Initialize                   text4         029BE
__end_of_SYS_InterruptHigh                   intcode       00062
__end_of_USBCheckCDCRequest                  text36        0253E
__end_of_USBCheckStdRequest                  text26        01FBA
__end_of_USBConfigureEndpoint                text40        027A8
__end_of_USBCtrlEPAllowDataStage             text25        0267E
__end_of_USBCtrlEPAllowStatusStage           text47        022FE
__end_of_USBCtrlEPService                    text21        02714
__end_of_USBCtrlEPServiceComplete            text24        0209A
__end_of_USBCtrlTrfInHandler                 text48        023C2
__end_of_USBCtrlTrfOutHandler                text45        02AEC
__end_of_USBCtrlTrfRxService                 text46        01CE4
__end_of_USBCtrlTrfSetupHandler              text23        028CA
__end_of_USBCtrlTrfTxService                 text49        0223A
__end_of_USBDeviceAttach                     text3         02D1A
__end_of_USBDeviceInit                       text1         0174A
__end_of_USBDeviceTasks                      text15        014DC
__end_of_USBEnableEndpoint                   text39        02C4A
__end_of_USBIncrement1msInternalTimers       text20        02E94
__end_of_USBStallHandler                     text19        02BCE
__end_of_USBStdFeatureReqHandler             text31        0123A
__end_of_USBStdGetDscHandler                 text30        01614
__end_of_USBStdGetStatusHandler              text29        02482
__end_of_USBStdSetCfgHandler                 text27        0216E
__end_of_USBSuspend                          text18        02E06
__end_of_USBTransferOnePacket                text12        01ACA
__end_of_USBWakeFromSuspend                  text17        02CE8
__end_of_USB_CD_Ptr                          smallconst    00F09
__end_of_USB_SD_Ptr                          smallconst    00F07
__end_of_USER_USB_CALLBACK_EVENT_HANDLER     text32        0294C
__end_of__initialization                     cinit         02B30
__end_of_configDescriptor1                   smallconst    00F4C
__end_of_device_dsc                          smallconst    00FC6
__end_of_getsUSBUSART                        text10        025E0
__end_of_main                                text0         02EA8
__end_of_memcpy                              text22        02C12
__end_of_memset                              text2         013A2
__end_of_putUSBUSART                         text9         02E76
__end_of_putrsUSBUSART                       text8         02B8A
__end_of_sd000                               smallconst    00FCA
__end_of_sd001                               smallconst    00FB4
__end_of_sd002                               smallconst    00F80
__end_ofi2_BUTTON_Enable                     text35        02E30
__end_ofi2_LED_Enable                        text34        02D4A
__end_ofi2_SYSTEM_Initialize                 text33        02A2C
__end_ofi2_USBDeviceInit                     text16        0187E
__end_ofi2_USBTransferOnePacket              text38        01DE6
__end_ofi2_memset                            text28        019B0
__initialization                             cinit         02AEC
__mediumconst                                mediumconst   00000
__pbssBANK0                                  bssBANK0      00060
__pbssBANK1                                  bssBANK1      00100
__pbssCOMRAM                                 bssCOMRAM     0002A
__pcinit                                     cinit         02AEC
__pcstackBANK0                               cstackBANK0   000F6
__pcstackBANK1                               cstackBANK1   001C0
__pcstackCOMRAM                              cstackCOMRAM  00001
__pdataBANK0                                 dataBANK0     000E4
__pidataBANK0                                idataBANK0    02EA8
__pintcode                                   intcode       00008
__psmallconst                                smallconst    00F00
__ptext0                                     text0         02E94
__ptext1                                     text1         01614
__ptext10                                    text10        0253E
__ptext11                                    text11        01ACA
__ptext12                                    text12        019B0
__ptext13                                    text13        02C4A
__ptext15                                    text15        013A2
__ptext16                                    text16        0174A
__ptext17                                    text17        02CB4
__ptext18                                    text18        02DD8
__ptext19                                    text19        02B8A
__ptext2                                     text2         0123A
__ptext20                                    text20        02E76
__ptext21                                    text21        0267E
__ptext22                                    text22        02BCE
__ptext23                                    text23        0283A
__ptext24                                    text24        01FBA
__ptext25                                    text25        025E0
__ptext26                                    text26        01ED6
__ptext27                                    text27        0209A
__ptext28                                    text28        0187E
__ptext29                                    text29        023C2
__ptext3                                     text3         02CE8
__ptext30                                    text30        014DC
__ptext31                                    text31        00FCC
__ptext32                                    text32        028CA
__ptext33                                    text33        029BE
__ptext34                                    text34        02D1A
__ptext35                                    text35        02E06
__ptext36                                    text36        02482
__ptext37                                    text37        02A2C
__ptext38                                    text38        01CE4
__ptext39                                    text39        02C12
__ptext4                                     text4         0294C
__ptext40                                    text40        02714
__ptext41                                    text41        027A8
__ptext42                                    text42        02D4A
__ptext43                                    text43        02D7A
__ptext44                                    text44        02E30
__ptext45                                    text45        02A90
__ptext46                                    text46        01BDA
__ptext47                                    text47        0223A
__ptext48                                    text48        022FE
__ptext49                                    text49        0216E
__ptext5                                     text5         02C80
__ptext6                                     text6         02DAA
__ptext7                                     text7         01DE6
__ptext8                                     text8         02B3E
__ptext9                                     text9         02E54
__ramtop                                     ramtop        00F00
__size_of_APP_DeviceCDCBasicDemoInitialize   (abs)         00000
__size_of_APP_DeviceCDCBasicDemoTasks        (abs)         00000
__size_of_APP_LEDUpdateUSBStatus             (abs)         00000
__size_of_BUTTON_Enable                      (abs)         00000
__size_of_BUTTON_IsPressed                   (abs)         00000
__size_of_CDCInitEP                          (abs)         00000
__size_of_CDCTxService                       (abs)         00000
__size_of_LED_Enable                         (abs)         00000
__size_of_LED_Off                            (abs)         00000
__size_of_LED_On                             (abs)         00000
__size_of_SYSTEM_Initialize                  (abs)         00000
__size_of_SYS_InterruptHigh                  (abs)         00000
__size_of_USBCheckCDCRequest                 (abs)         00000
__size_of_USBCheckStdRequest                 (abs)         00000
__size_of_USBConfigureEndpoint               (abs)         00000
__size_of_USBCtrlEPAllowDataStage            (abs)         00000
__size_of_USBCtrlEPAllowStatusStage          (abs)         00000
__size_of_USBCtrlEPService                   (abs)         00000
__size_of_USBCtrlEPServiceComplete           (abs)         00000
__size_of_USBCtrlTrfInHandler                (abs)         00000
__size_of_USBCtrlTrfOutHandler               (abs)         00000
__size_of_USBCtrlTrfRxService                (abs)         00000
__size_of_USBCtrlTrfSetupHandler             (abs)         00000
__size_of_USBCtrlTrfTxService                (abs)         00000
__size_of_USBDeviceAttach                    (abs)         00000
__size_of_USBDeviceInit                      (abs)         00000
__size_of_USBDeviceTasks                     (abs)         00000
__size_of_USBEnableEndpoint                  (abs)         00000
__size_of_USBIncrement1msInternalTimers      (abs)         00000
__size_of_USBStallHandler                    (abs)         00000
__size_of_USBStdFeatureReqHandler            (abs)         00000
__size_of_USBStdGetDscHandler                (abs)         00000
__size_of_USBStdGetStatusHandler             (abs)         00000
__size_of_USBStdSetCfgHandler                (abs)         00000
__size_of_USBSuspend                         (abs)         00000
__size_of_USBTransferOnePacket               (abs)         00000
__size_of_USBWakeFromSuspend                 (abs)         00000
__size_of_USER_USB_CALLBACK_EVENT_HANDLER    (abs)         00000
__size_of_getsUSBUSART                       (abs)         00000
__size_of_main                               (abs)         00000
__size_of_memcpy                             (abs)         00000
__size_of_memset                             (abs)         00000
__size_of_putUSBUSART                        (abs)         00000
__size_of_putrsUSBUSART                      (abs)         00000
__size_ofi2_BUTTON_Enable                    (abs)         00000
__size_ofi2_LED_Enable                       (abs)         00000
__size_ofi2_SYSTEM_Initialize                (abs)         00000
__size_ofi2_USBDeviceInit                    (abs)         00000
__size_ofi2_USBTransferOnePacket             (abs)         00000
__size_ofi2_memset                           (abs)         00000
__smallconst                                 smallconst    00F00
_buttonMessage                               dataBANK0     000E4
_buttonPressed                               bssBANK0      00098
_cdc_data_rx                                 bssBANK0      0009C
_cdc_data_tx                                 bssBANK1      00180
_cdc_mem_type                                bssBANK0      00099
_cdc_notice                                  bssBANK0      00060
_cdc_rx_len                                  bssBANK0      0009B
_cdc_trf_state                               bssCOMRAM     00037
_cdc_tx_len                                  bssBANK0      0009A
_configDescriptor1                           smallconst    00F09
_controlTransferState                        bssCOMRAM     00043
_control_signal_bitmap                       bssCOMRAM     00036
_device_dsc                                  smallconst    00FB4
_dummy_encapsulated_cmd_response             bssBANK0      000DC
_endpoint_number                             bssCOMRAM     00040
_ep_data_in                                  bssBANK0      00091
_ep_data_out                                 bssBANK0      0008E
_getsUSBUSART                                text10        0253E
_inPipes                                     bssBANK0      00072
_line_coding                                 bssCOMRAM     00046
_main                                        text0         02E94
_memcpy                                      text22        02BCE
_memset                                      text2         0123A
_outPipes                                    bssBANK0      0006A
_pBDTEntryEP0OutCurrent                      bssCOMRAM     00034
_pBDTEntryEP0OutNext                         bssCOMRAM     00032
_pBDTEntryIn                                 bssBANK0      00078
_pBDTEntryOut                                bssBANK0      0007E
_pCDCDst                                     bssBANK0      00088
_pCDCSrc                                     bssBANK0      0008B
_pDst                                        bssCOMRAM     00030
_putUSBUSART                                 text9         02E54
_putrsUSBUSART                               text8         02B3E
_readBuffer                                  bssBANK1      00140
_sd000                                       smallconst    00FC6
_sd001                                       smallconst    00F80
_sd002                                       smallconst    00F4C
_shortPacketStatus                           bssCOMRAM     00044
_writeBuffer                                 bssBANK1      00100
btemp                                        temp          00051
end_of_initialization                        cinit         02B30
getsUSBUSART@buffer                          cstackBANK1   001C3
getsUSBUSART@len                             cstackBANK1   001C5
i2BUTTON_Enable@button                       cstackCOMRAM  00003
i2LED_Enable@led                             cstackCOMRAM  00003
i2SYSTEM_Initialize@pll_startup_counter      cstackCOMRAM  00006
i2SYSTEM_Initialize@pll_startup_counter_2775 cstackCOMRAM  00008
i2SYSTEM_Initialize@state                    cstackCOMRAM  0000A
i2USBDeviceInit@i                            cstackCOMRAM  0000D
i2USBTransferOnePacket@data                  cstackCOMRAM  00002
i2USBTransferOnePacket@dir                   cstackCOMRAM  00001
i2USBTransferOnePacket@ep                    cstackCOMRAM  00009
i2USBTransferOnePacket@handle                cstackCOMRAM  0000A
i2USBTransferOnePacket@len                   cstackCOMRAM  00004
i2_BUTTON_Enable                             text35        02E06
i2_LED_Enable                                text34        02D1A
i2_SYSTEM_Initialize                         text33        029BE
i2_USBDeviceInit                             text16        0174A
i2_USBTransferOnePacket                      text38        01CE4
i2_memset                                    text28        0187E
i2memset@c                                   cstackCOMRAM  00003
i2memset@dest                                cstackCOMRAM  00001
i2memset@k                                   cstackCOMRAM  00009
i2memset@n                                   cstackCOMRAM  00005
i2memset@s                                   cstackCOMRAM  0000B
int$flags                                    temp          00051
intlevel0                                    text          00000
intlevel1                                    text          00000
intlevel2                                    text          00000
intlevel3                                    text          00000
memcpy@d                                     cstackCOMRAM  00007
memcpy@d1                                    cstackCOMRAM  00001
memcpy@n                                     cstackCOMRAM  00005
memcpy@s                                     cstackCOMRAM  00009
memcpy@s1                                    cstackCOMRAM  00003
memcpy@tmp                                   cstackCOMRAM  0000B
memset@c                                     cstackBANK0   000F8
memset@dest                                  cstackBANK0   000F6
memset@k                                     cstackBANK1   001C0
memset@n                                     cstackBANK0   000FA
memset@s                                     cstackBANK1   001C2
putUSBUSART@data                             cstackBANK0   000F6
putUSBUSART@length                           cstackBANK0   000F8
putrsUSBUSART@data                           cstackBANK0   000F6
putrsUSBUSART@len                            cstackBANK0   000FA
putrsUSBUSART@pData                          cstackBANK0   000F8
stackhi                                      (abs)         00EBF
stacklo                                      (abs)         00440
start                                        init          00062
start_initialization                         cinit         02AEC
ttemp5                                       temp          00052
ttemp6                                       temp          00055
ttemp7                                       temp          00059
wtemp8                                       temp          00052


FUNCTION INFORMATION:

 *************** function _main *****************
 Defined at:
		line 45 in file "../demo_src/main.c"
 Parameters:    Size  Location     Type
		None
 Auto vars:     Size  Location     Type
		None
 Return value:  Size  Location     Type
                  1    wreg      void 
 Registers used:
		wreg, fsr1l, fsr1h, fsr2l, fsr2h, status,2, status,0, prodl, prodh, cstack
 Tracked objects:
		On entry : 
		On exit  : 
		Unchanged: 
 Data sizes:     COMRAM   BANK0   BANK1   BANK2   BANK3   BANK4   BANK5   BANK6   BANK7   BANK8   BANK9  BANK10  BANK11  BANK12  BANK13  BANK14
      Params:         0       0       0       0       0       0       0       0       0       0       0       0       0       0       0       0
      Locals:         0       0       0       0       0       0       0       0       0       0       0       0       0       0       0       0
      Temps:          0       0       0       0       0       0       0       0       0       0       0       0       0       0       0       0
      Totals:         0       0       0       0       0       0       0       0       0       0       0       0       0       0       0       0
Total ram usage:        0 bytes
 Hardware stack levels required when called:   13
 This function calls:
		_APP_DeviceCDCBasicDemoTasks
		_SYSTEM_Initialize
		_USBDeviceAttach
		_USBDeviceInit
 This function is called by:
		Startup code after reset
 This function uses a non-reentrant model


 *************** function _USBDeviceInit *****************
 Defined at:
		line 281 in file "../../../../../../framework/usb/src/usb_device.c"
 Parameters:    Size  Location     Type
		None
 Auto vars:     Size  Location     Type
  i               1    8[BANK0 ] unsigned char 
 Return value:  Size  Location     Type
                  1    wreg      void 
 Registers used:
		wreg, fsr2l, fsr2h, status,2, status,0, prodl, prodh, cstack
 Tracked objects:
		On entry : 
		On exit  : 
		Unchanged: 
 Data sizes:     COMRAM   BANK0   BANK1   BANK2   BANK3   BANK4   BANK5   BANK6   BANK7   BANK8   BANK9  BANK10  BANK11  BANK12  BANK13  BANK14
      Params:         0       0       0       0       0       0       0       0       0       0       0       0       0       0       0       0
      Locals:         0       1       0       0       0       0       0       0       0       0       0       0       0       0       0       0
      Temps:          0       0       0       0       0       0       0       0       0       0       0       0       0       0       0       0
      Totals:         0       1       0       0       0       0       0       0       0       0       0       0       0       0       0       0
Total ram usage:        1 bytes
 Hardware stack levels used:    1
 Hardware stack levels required when called:   11
 This function calls:
		_memset
 This function is called by:
		_main
 This function uses a non-reentrant model


 *************** function _memset *****************
 Defined at:
		line 4 in file "C:\Program Files (x86)\Microchip\xc8\v2.05\pic\sources\c99\common\memset.c"
 Parameters:    Size  Location     Type
  dest            2    0[BANK0 ] PTR void 
		 -> USBAlternateInterface(2), BDT(48), UEP1(1), 
  c               2    2[BANK0 ] int 
  n               2    4[BANK0 ] unsigned int 
 Auto vars:     Size  Location     Type
  s               2    2[BANK1 ] PTR unsigned char 
		 -> USBAlternateInterface(2), BDT(48), UEP1(1), 
  k               2    0[BANK1 ] unsigned int 
 Return value:  Size  Location     Type
                  2    0[BANK0 ] PTR void 
 Registers used:
		wreg, fsr2l, fsr2h, status,2, status,0
 Tracked objects:
		On entry : 
		On exit  : 
		Unchanged: 
 Data sizes:     COMRAM   BANK0   BANK1   BANK2   BANK3   BANK4   BANK5   BANK6   BANK7   BANK8   BANK9  BANK10  BANK11  BANK12  BANK13  BANK14
      Params:         0       6       0       0       0       0       0       0       0       0       0       0       0       0       0       0
      Locals:         0       0       4       0       0       0       0       0       0       0       0       0       0       0       0       0
      Temps:          0       2       0       0       0       0       0       0       0       0       0       0       0       0       0       0
      Totals:         0       8       4       0       0       0       0       0       0       0       0       0       0       0       0       0
Total ram usage:       12 bytes
 Hardware stack levels used:    1
 Hardware stack levels required when called:   10
 This function calls:
		Nothing
 This function is called by:
		_USBDeviceInit
 This function uses a non-reentrant model


 *************** function _USBDeviceAttach *****************
 Defined at:
		line 1356 in file "../../../../../../framework/usb/src/usb_device.c"
 Parameters:    Size  Location     Type
		None
 Auto vars:     Size  Location     Type
		None
 Return value:  Size  Location     Type
                  1    wreg      void 
 Registers used:
		wreg, status,2
 Tracked objects:
		On entry : 
		On exit  : 
		Unchanged: 
 Data sizes:     COMRAM   BANK0   BANK1   BANK2   BANK3   BANK4   BANK5   BANK6   BANK7   BANK8   BANK9  BANK10  BANK11  BANK12  BANK13  BANK14
      Params:         0       0       0       0       0       0       0       0       0       0       0       0       0       0       0       0
      Locals:         0       0       0       0       0       0       0       0       0       0       0       0       0       0       0       0
      Temps:          0       0       0       0       0       0       0       0       0       0       0       0       0       0       0       0
      Totals:         0       0       0       0       0       0       0       0       0       0       0       0       0       0       0       0
Total ram usage:        0 bytes
 Hardware stack levels used:    1
 Hardware stack levels required when called:   10
 This function calls:
		Nothing
 This function is called by:
		_main
 This function uses a non-reentrant model


 *************** function _SYSTEM_Initialize *****************
 Defined at:
		line 60 in file "system.c"
 Parameters:    Size  Location     Type
  state           1    wreg     enum E5844
 Auto vars:     Size  Location     Type
  state           1    9[BANK0 ] enum E5844
  pll_startup_    2    7[BANK0 ] unsigned int 
  pll_startup_    2    5[BANK0 ] unsigned int 
 Return value:  Size  Location     Type
                  1    wreg      void 
 Registers used:
		wreg, status,2, status,0, cstack
 Tracked objects:
		On entry : 
		On exit  : 
		Unchanged: 
 Data sizes:     COMRAM   BANK0   BANK1   BANK2   BANK3   BANK4   BANK5   BANK6   BANK7   BANK8   BANK9  BANK10  BANK11  BANK12  BANK13  BANK14
      Params:         0       0       0       0       0       0       0       0       0       0       0       0       0       0       0       0
      Locals:         0       5       0       0       0       0       0       0       0       0       0       0       0       0       0       0
      Temps:          0       2       0       0       0       0       0       0       0       0       0       0       0       0       0       0
      Totals:         0       7       0       0       0       0       0       0       0       0       0       0       0       0       0       0
Total ram usage:        7 bytes
 Hardware stack levels used:    1
 Hardware stack levels required when called:   11
 This function calls:
		_BUTTON_Enable
		_LED_Enable
 This function is called by:
		_main
 This function uses a non-reentrant model


 *************** function _LED_Enable *****************
 Defined at:
		line 186 in file "../../../../../../bsp/pic18f46j50_pim/leds.c"
 Parameters:    Size  Location     Type
  led             1    wreg     enum E2
 Auto vars:     Size  Location     Type
  led             1    2[BANK0 ] enum E2
 Return value:  Size  Location     Type
                  1    wreg      void 
 Registers used:
		wreg, status,2, status,0
 Tracked objects:
		On entry : 
		On exit  : 
		Unchanged: 
 Data sizes:     COMRAM   BANK0   BANK1   BANK2   BANK3   BANK4   BANK5   BANK6   BANK7   BANK8   BANK9  BANK10  BANK11  BANK12  BANK13  BANK14
      Params:         0       0       0       0       0       0       0       0       0       0       0       0       0       0       0       0
      Locals:         0       1       0       0       0       0       0       0       0       0       0       0       0       0       0       0
      Temps:          0       2       0       0       0       0       0       0       0       0       0       0       0       0       0       0
      Totals:         0       3       0       0       0       0       0       0       0       0       0       0       0       0       0       0
Total ram usage:        3 bytes
 Hardware stack levels used:    1
 Hardware stack levels required when called:   10
 This function calls:
		Nothing
 This function is called by:
		_SYSTEM_Initialize
 This function uses a non-reentrant model


 *************** function _BUTTON_Enable *****************
 Defined at:
		line 88 in file "../../../../../../bsp/pic18f46j50_pim/buttons.c"
 Parameters:    Size  Location     Type
  button          1    wreg     enum E5821
 Auto vars:     Size  Location     Type
  button          1    2[BANK0 ] enum E5821
 Return value:  Size  Location     Type
                  1    wreg      void 
 Registers used:
		wreg, status,2, status,0
 Tracked objects:
		On entry : 
		On exit  : 
		Unchanged: 
 Data sizes:     COMRAM   BANK0   BANK1   BANK2   BANK3   BANK4   BANK5   BANK6   BANK7   BANK8   BANK9  BANK10  BANK11  BANK12  BANK13  BANK14
      Params:         0       0       0       0       0       0       0       0       0       0       0       0       0       0       0       0
      Locals:         0       1       0       0       0       0       0       0       0       0       0       0       0       0       0       0
      Temps:          0       2       0       0       0       0       0       0       0       0       0       0       0       0       0       0
      Totals:         0       3       0       0       0       0       0       0       0       0       0       0       0       0       0       0
Total ram usage:        3 bytes
 Hardware stack levels used:    1
 Hardware stack levels required when called:   10
 This function calls:
		Nothing
 This function is called by:
		_SYSTEM_Initialize
 This function uses a non-reentrant model


 *************** function _APP_DeviceCDCBasicDemoTasks *****************
 Defined at:
		line 76 in file "../demo_src/app_device_cdc_basic.c"
 Parameters:    Size  Location     Type
		None
 Auto vars:     Size  Location     Type
  i               1    9[BANK1 ] unsigned char 
  numBytesRead    1    8[BANK1 ] unsigned char 
 Return value:  Size  Location     Type
                  1    wreg      void 
 Registers used:
		wreg, fsr1l, fsr1h, fsr2l, fsr2h, status,2, status,0, prodl, prodh, cstack
 Tracked objects:
		On entry : 
		On exit  : 
		Unchanged: 
 Data sizes:     COMRAM   BANK0   BANK1   BANK2   BANK3   BANK4   BANK5   BANK6   BANK7   BANK8   BANK9  BANK10  BANK11  BANK12  BANK13  BANK14
      Params:         0       0       0       0       0       0       0       0       0       0       0       0       0       0       0       0
      Locals:         0       0       2       0       0       0       0       0       0       0       0       0       0       0       0       0
      Temps:          0       0       2       0       0       0       0       0       0       0       0       0       0       0       0       0
      Totals:         0       0       4       0       0       0       0       0       0       0       0       0       0       0       0       0
Total ram usage:        4 bytes
 Hardware stack levels used:    1
 Hardware stack levels required when called:   12
 This function calls:
		_BUTTON_IsPressed
		_CDCTxService
		_getsUSBUSART
		_putUSBUSART
		_putrsUSBUSART
 This function is called by:
		_main
 This function uses a non-reentrant model


 *************** function _putrsUSBUSART *****************
 Defined at:
		line 727 in file "../../../../../../framework/usb/src/usb_device_cdc.c"
 Parameters:    Size  Location     Type
  data            2    0[BANK0 ] PTR const unsigned char 
		 -> buttonMessage(18), 
 Auto vars:     Size  Location     Type
  pData           2    2[BANK0 ] PTR const unsigned char 
		 -> buttonMessage(18), 
  len             1    4[BANK0 ] unsigned char 
 Return value:  Size  Location     Type
                  1    wreg      void 
 Registers used:
		wreg, fsr2l, fsr2h, status,2, status,0
 Tracked objects:
		On entry : 
		On exit  : 
		Unchanged: 
 Data sizes:     COMRAM   BANK0   BANK1   BANK2   BANK3   BANK4   BANK5   BANK6   BANK7   BANK8   BANK9  BANK10  BANK11  BANK12  BANK13  BANK14
      Params:         0       2       0       0       0       0       0       0       0       0       0       0       0       0       0       0
      Locals:         0       3       0       0       0       0       0       0       0       0       0       0       0       0       0       0
      Temps:          0       0       0       0       0       0       0       0       0       0       0       0       0       0       0       0
      Totals:         0       5       0       0       0       0       0       0       0       0       0       0       0       0       0       0
Total ram usage:        5 bytes
 Hardware stack levels used:    1
 Hardware stack levels required when called:   10
 This function calls:
		Nothing
 This function is called by:
		_APP_DeviceCDCBasicDemoTasks
 This function uses a non-reentrant model


 *************** function _putUSBUSART *****************
 Defined at:
		line 557 in file "../../../../../../framework/usb/src/usb_device_cdc.c"
 Parameters:    Size  Location     Type
  data            2    0[BANK0 ] PTR unsigned char 
		 -> writeBuffer(64), 
  length          1    2[BANK0 ] unsigned char 
 Auto vars:     Size  Location     Type
		None
 Return value:  Size  Location     Type
                  1    wreg      void 
 Registers used:
		wreg, status,2, status,0
 Tracked objects:
		On entry : 
		On exit  : 
		Unchanged: 
 Data sizes:     COMRAM   BANK0   BANK1   BANK2   BANK3   BANK4   BANK5   BANK6   BANK7   BANK8   BANK9  BANK10  BANK11  BANK12  BANK13  BANK14
      Params:         0       3       0       0       0       0       0       0       0       0       0       0       0       0       0       0
      Locals:         0       0       0       0       0       0       0       0       0       0       0       0       0       0       0       0
      Temps:          0       0       0       0       0       0       0       0       0       0       0       0       0       0       0       0
      Totals:         0       3       0       0       0       0       0       0       0       0       0       0       0       0       0       0
Total ram usage:        3 bytes
 Hardware stack levels used:    1
 Hardware stack levels required when called:   10
 This function calls:
		Nothing
 This function is called by:
		_APP_DeviceCDCBasicDemoTasks
 This function uses a non-reentrant model


 *************** function _getsUSBUSART *****************
 Defined at:
		line 486 in file "../../../../../../framework/usb/src/usb_device_cdc.c"
 Parameters:    Size  Location     Type
  buffer          2    3[BANK1 ] PTR unsigned char 
		 -> readBuffer(64), 
  len             1    5[BANK1 ] unsigned char 
 Auto vars:     Size  Location     Type
		None
 Return value:  Size  Location     Type
                  1    wreg      unsigned char 
 Registers used:
		wreg, fsr1l, fsr1h, fsr2l, fsr2h, status,2, status,0, prodl, prodh, cstack
 Tracked objects:
		On entry : 
		On exit  : 
		Unchanged: 
 Data sizes:     COMRAM   BANK0   BANK1   BANK2   BANK3   BANK4   BANK5   BANK6   BANK7   BANK8   BANK9  BANK10  BANK11  BANK12  BANK13  BANK14
      Params:         0       0       3       0       0       0       0       0       0       0       0       0       0       0       0       0
      Locals:         0       0       0       0       0       0       0       0       0       0       0       0       0       0       0       0
      Temps:          0       1       0       0       0       0       0       0       0       0       0       0       0       0       0       0
      Totals:         0       1       3       0       0       0       0       0       0       0       0       0       0       0       0       0
Total ram usage:        4 bytes
 Hardware stack levels used:    1
 Hardware stack levels required when called:   11
 This function calls:
		_USBTransferOnePacket
 This function is called by:
		_APP_DeviceCDCBasicDemoTasks
 This function uses a non-reentrant model


 *************** function _CDCTxService *****************
 Defined at:
		line 837 in file "../../../../../../framework/usb/src/usb_device_cdc.c"
 Parameters:    Size  Location     Type
		None
 Auto vars:     Size  Location     Type
  byte_to_send    1    9[BANK0 ] unsigned char 
  i               1    8[BANK0 ] unsigned char 
 Return value:  Size  Location     Type
                  1    wreg      void 
 Registers used:
		wreg, fsr1l, fsr1h, fsr2l, fsr2h, status,2, status,0, prodl, prodh, cstack
 Tracked objects:
		On entry : 
		On exit  : 
		Unchanged: 
 Data sizes:     COMRAM   BANK0   BANK1   BANK2   BANK3   BANK4   BANK5   BANK6   BANK7   BANK8   BANK9  BANK10  BANK11  BANK12  BANK13  BANK14
      Params:         0       0       0       0       0       0       0       0       0       0       0       0       0       0       0       0
      Locals:         0       2       0       0       0       0       0       0       0       0       0       0       0       0       0       0
      Temps:          0       0       0       0       0       0       0       0       0       0       0       0       0       0       0       0
      Totals:         0       2       0       0       0       0       0       0       0       0       0       0       0       0       0       0
Total ram usage:        2 bytes
 Hardware stack levels used:    1
 Hardware stack levels required when called:   11
 This function calls:
		_USBTransferOnePacket
 This function is called by:
		_APP_DeviceCDCBasicDemoTasks
 This function uses a non-reentrant model


 *************** function _USBTransferOnePacket *****************
 Defined at:
		line 999 in file "../../../../../../framework/usb/src/usb_device.c"
 Parameters:    Size  Location     Type
  ep              1    wreg     unsigned char 
  dir             1    0[BANK0 ] unsigned char 
  data            2    1[BANK0 ] PTR unsigned char 
		 -> cdc_data_tx(64), cdc_data_rx(64), NULL(0), 
  len             1    3[BANK0 ] unsigned char 
 Auto vars:     Size  Location     Type
  ep              1    0[BANK1 ] unsigned char 
  handle          2    1[BANK1 ] PTR volatile struct __BD
		 -> RAM(3775), NULL(0), BDT(48), 
 Return value:  Size  Location     Type
                  2    0[BANK0 ] PTR void 
 Registers used:
		wreg, fsr2l, fsr2h, status,2, status,0, prodl, prodh
 Tracked objects:
		On entry : 
		On exit  : 
		Unchanged: 
 Data sizes:     COMRAM   BANK0   BANK1   BANK2   BANK3   BANK4   BANK5   BANK6   BANK7   BANK8   BANK9  BANK10  BANK11  BANK12  BANK13  BANK14
      Params:         0       4       0       0       0       0       0       0       0       0       0       0       0       0       0       0
      Locals:         0       0       3       0       0       0       0       0       0       0       0       0       0       0       0       0
      Temps:          0       4       0       0       0       0       0       0       0       0       0       0       0       0       0       0
[...]
  p               2    9[COMRAM] PTR unsigned char 
		 -> UEP0(1), 
 Return value:  Size  Location     Type
                  1    wreg      void 
 Registers used:
		wreg, fsr2l, fsr2h, status,2, status,0, prodl, prodh, cstack
 Tracked objects:
		On entry : 
		On exit  : 
		Unchanged: 
 Data sizes:     COMRAM   BANK0   BANK1   BANK2   BANK3   BANK4   BANK5   BANK6   BANK7   BANK8   BANK9  BANK10  BANK11  BANK12  BANK13  BANK14
      Params:         1       0       0       0       0       0       0       0       0       0       0       0       0       0       0       0
      Locals:         3       0       0       0       0       0       0       0       0       0       0       0       0       0       0       0
      Temps:          0       0       0       0       0       0       0       0       0       0       0       0       0       0       0       0
      Totals:         4       0       0       0       0       0       0       0       0       0       0       0       0       0       0       0
Total ram usage:        4 bytes
 Hardware stack levels used:    1
 Hardware stack levels required when called:    1
 This function calls:
		_USBConfigureEndpoint
 This function is called by:
		_CDCInitEP
 This function uses a non-reentrant model


 *************** function _USBConfigureEndpoint *****************
 Defined at:
		line 1547 in file "../../../../../../framework/usb/src/usb_device.c"
 Parameters:    Size  Location     Type
  EPNum           1    wreg     unsigned char 
  direction       1    0[COMRAM] unsigned char 
 Auto vars:     Size  Location     Type
  EPNum           1    5[COMRAM] unsigned char 
  handle          2    6[COMRAM] PTR volatile struct __BD
		 -> BDT(48), 
 Return value:  Size  Location     Type
                  1    wreg      void 
 Registers used:
		wreg, fsr2l, fsr2h, status,2, status,0, prodl, prodh
 Tracked objects:
		On entry : 
		On exit  : 
		Unchanged: 
 Data sizes:     COMRAM   BANK0   BANK1   BANK2   BANK3   BANK4   BANK5   BANK6   BANK7   BANK8   BANK9  BANK10  BANK11  BANK12  BANK13  BANK14
      Params:         1       0       0       0       0       0       0       0       0       0       0       0       0       0       0       0
      Locals:         3       0       0       0       0       0       0       0       0       0       0       0       0       0       0       0
      Temps:          4       0       0       0       0       0       0       0       0       0       0       0       0       0       0       0
      Totals:         8       0       0       0       0       0       0       0       0       0       0       0       0       0       0       0
Total ram usage:        8 bytes
 Hardware stack levels used:    1
 This function calls:
		Nothing
 This function is called by:
		_USBEnableEndpoint
 This function uses a non-reentrant model


 *************** function _APP_LEDUpdateUSBStatus *****************
 Defined at:
		line 50 in file "../demo_src/app_led_usb_status.c"
 Parameters:    Size  Location     Type
		None
 Auto vars:     Size  Location     Type
		None
 Return value:  Size  Location     Type
                  1    wreg      void 
 Registers used:
		wreg, status,2, status,0, cstack
 Tracked objects:
		On entry : 
		On exit  : 
		Unchanged: 
 Data sizes:     COMRAM   BANK0   BANK1   BANK2   BANK3   BANK4   BANK5   BANK6   BANK7   BANK8   BANK9  BANK10  BANK11  BANK12  BANK13  BANK14
      Params:         0       0       0       0       0       0       0       0       0       0       0       0       0       0       0       0
      Locals:         0       0       0       0       0       0       0       0       0       0       0       0       0       0       0       0
      Temps:          2       0       0       0       0       0       0       0       0       0       0       0       0       0       0       0
      Totals:         2       0       0       0       0       0       0       0       0       0       0       0       0       0       0       0
Total ram usage:        2 bytes
 Hardware stack levels used:    1
 Hardware stack levels required when called:    1
 This function calls:
		_LED_Off
		_LED_On
 This function is called by:
		_USER_USB_CALLBACK_EVENT_HANDLER
 This function uses a non-reentrant model


 *************** function _LED_On *****************
 Defined at:
		line 55 in file "../../../../../../bsp/pic18f46j50_pim/leds.c"
 Parameters:    Size  Location     Type
  led             1    wreg     enum E2
 Auto vars:     Size  Location     Type
  led             1    2[COMRAM] enum E2
 Return value:  Size  Location     Type
                  1    wreg      void 
 Registers used:
		wreg, status,2, status,0
 Tracked objects:
		On entry : 
		On exit  : 
		Unchanged: 
 Data sizes:     COMRAM   BANK0   BANK1   BANK2   BANK3   BANK4   BANK5   BANK6   BANK7   BANK8   BANK9  BANK10  BANK11  BANK12  BANK13  BANK14
      Params:         0       0       0       0       0       0       0       0       0       0       0       0       0       0       0       0
      Locals:         1       0       0       0       0       0       0       0       0       0       0       0       0       0       0       0
      Temps:          2       0       0       0       0       0       0       0       0       0       0       0       0       0       0       0
      Totals:         3       0       0       0       0       0       0       0       0       0       0       0       0       0       0       0
Total ram usage:        3 bytes
 Hardware stack levels used:    1
 This function calls:
		Nothing
 This function is called by:
		_APP_LEDUpdateUSBStatus
 This function uses a non-reentrant model


 *************** function _LED_Off *****************
 Defined at:
		line 88 in file "../../../../../../bsp/pic18f46j50_pim/leds.c"
 Parameters:    Size  Location     Type
  led             1    wreg     enum E2
 Auto vars:     Size  Location     Type
  led             1    2[COMRAM] enum E2
 Return value:  Size  Location     Type
                  1    wreg      void 
 Registers used:
		wreg, status,2, status,0
 Tracked objects:
		On entry : 
		On exit  : 
		Unchanged: 
 Data sizes:     COMRAM   BANK0   BANK1   BANK2   BANK3   BANK4   BANK5   BANK6   BANK7   BANK8   BANK9  BANK10  BANK11  BANK12  BANK13  BANK14
      Params:         0       0       0       0       0       0       0       0       0       0       0       0       0       0       0       0
      Locals:         1       0       0       0       0       0       0       0       0       0       0       0       0       0       0       0
      Temps:          2       0       0       0       0       0       0       0       0       0       0       0       0       0       0       0
      Totals:         3       0       0       0       0       0       0       0       0       0       0       0       0       0       0       0
Total ram usage:        3 bytes
 Hardware stack levels used:    1
 This function calls:
		Nothing
 This function is called by:
		_APP_LEDUpdateUSBStatus
 This function uses a non-reentrant model


 *************** function _APP_DeviceCDCBasicDemoInitialize *****************
 Defined at:
		line 52 in file "../demo_src/app_device_cdc_basic.c"
 Parameters:    Size  Location     Type
		None
 Auto vars:     Size  Location     Type
		None
 Return value:  Size  Location     Type
                  1    wreg      void 
 Registers used:
		wreg, status,2
 Tracked objects:
		On entry : 
		On exit  : 
		Unchanged: 
 Data sizes:     COMRAM   BANK0   BANK1   BANK2   BANK3   BANK4   BANK5   BANK6   BANK7   BANK8   BANK9  BANK10  BANK11  BANK12  BANK13  BANK14
      Params:         0       0       0       0       0       0       0       0       0       0       0       0       0       0       0       0
      Locals:         0       0       0       0       0       0       0       0       0       0       0       0       0       0       0       0
      Temps:          0       0       0       0       0       0       0       0       0       0       0       0       0       0       0       0
      Totals:         0       0       0       0       0       0       0       0       0       0       0       0       0       0       0       0
Total ram usage:        0 bytes
 Hardware stack levels used:    1
 This function calls:
		Nothing
 This function is called by:
		_USER_USB_CALLBACK_EVENT_HANDLER
 This function uses a non-reentrant model


 *************** function _USBCtrlTrfOutHandler *****************
 Defined at:
		line 2545 in file "../../../../../../framework/usb/src/usb_device.c"
 Parameters:    Size  Location     Type
		None
 Auto vars:     Size  Location     Type
		None
 Return value:  Size  Location     Type
                  1    wreg      void 
 Registers used:
		wreg, fsr1l, fsr1h, fsr2l, fsr2h, status,2, status,0, cstack
 Tracked objects:
		On entry : 
		On exit  : 
		Unchanged: 
 Data sizes:     COMRAM   BANK0   BANK1   BANK2   BANK3   BANK4   BANK5   BANK6   BANK7   BANK8   BANK9  BANK10  BANK11  BANK12  BANK13  BANK14
      Params:         0       0       0       0       0       0       0       0       0       0       0       0       0       0       0       0
      Locals:         0       0       0       0       0       0       0       0       0       0       0       0       0       0       0       0
      Temps:          0       0       0       0       0       0       0       0       0       0       0       0       0       0       0       0
      Totals:         0       0       0       0       0       0       0       0       0       0       0       0       0       0       0       0
Total ram usage:        0 bytes
 Hardware stack levels used:    1
 Hardware stack levels required when called:    2
 This function calls:
		_USBCtrlTrfRxService
 This function is called by:
		_USBCtrlEPService
 This function uses a non-reentrant model


 *************** function _USBCtrlTrfRxService *****************
 Defined at:
		line 1856 in file "../../../../../../framework/usb/src/usb_device.c"
 Parameters:    Size  Location     Type
		None
 Auto vars:     Size  Location     Type
  byteToRead      1    1[COMRAM] unsigned char 
  i               1    0[COMRAM] unsigned char 
 Return value:  Size  Location     Type
                  1    wreg      void 
 Registers used:
		wreg, fsr1l, fsr1h, fsr2l, fsr2h, status,2, status,0, cstack
 Tracked objects:
		On entry : 
		On exit  : 
		Unchanged: 
 Data sizes:     COMRAM   BANK0   BANK1   BANK2   BANK3   BANK4   BANK5   BANK6   BANK7   BANK8   BANK9  BANK10  BANK11  BANK12  BANK13  BANK14
      Params:         0       0       0       0       0       0       0       0       0       0       0       0       0       0       0       0
      Locals:         2       0       0       0       0       0       0       0       0       0       0       0       0       0       0       0
      Temps:          0       0       0       0       0       0       0       0       0       0       0       0       0       0       0       0
      Totals:         2       0       0       0       0       0       0       0       0       0       0       0       0       0       0       0
Total ram usage:        2 bytes
 Hardware stack levels used:    1
 Hardware stack levels required when called:    1
 This function calls:
		_USBCtrlEPAllowStatusStage
 This function is called by:
		_USBCtrlTrfOutHandler
 This function uses a non-reentrant model


 *************** function _USBCtrlEPAllowStatusStage *****************
 Defined at:
		line 1420 in file "../../../../../../framework/usb/src/usb_device.c"
 Parameters:    Size  Location     Type
		None
 Auto vars:     Size  Location     Type
		None
 Return value:  Size  Location     Type
                  1    wreg      void 
 Registers used:
		wreg, fsr2l, fsr2h, status,2, status,0
 Tracked objects:
		On entry : 
		On exit  : 
		Unchanged: 
 Data sizes:     COMRAM   BANK0   BANK1   BANK2   BANK3   BANK4   BANK5   BANK6   BANK7   BANK8   BANK9  BANK10  BANK11  BANK12  BANK13  BANK14
      Params:         0       0       0       0       0       0       0       0       0       0       0       0       0       0       0       0
      Locals:         0       0       0       0       0       0       0       0       0       0       0       0       0       0       0       0
      Temps:          0       0       0       0       0       0       0       0       0       0       0       0       0       0       0       0
      Totals:         0       0       0       0       0       0       0       0       0       0       0       0       0       0       0       0
Total ram usage:        0 bytes
 Hardware stack levels used:    1
 This function calls:
		Nothing
 This function is called by:
		_USBDeviceTasks
		_USBCtrlEPServiceComplete
		_USBCtrlTrfRxService
 This function uses a non-reentrant model


 *************** function _USBCtrlTrfInHandler *****************
 Defined at:
		line 2599 in file "../../../../../../framework/usb/src/usb_device.c"
 Parameters:    Size  Location     Type
		None
 Auto vars:     Size  Location     Type
  lastDTS         1    1[COMRAM] unsigned char 
 Return value:  Size  Location     Type
                  1    wreg      void 
 Registers used:
		wreg, fsr1l, fsr1h, fsr2l, fsr2h, status,2, status,0, tblptrl, tblptrh, tblptru, cstack
 Tracked objects:
		On entry : 
		On exit  : 
		Unchanged: 
 Data sizes:     COMRAM   BANK0   BANK1   BANK2   BANK3   BANK4   BANK5   BANK6   BANK7   BANK8   BANK9  BANK10  BANK11  BANK12  BANK13  BANK14
      Params:         0       0       0       0       0       0       0       0       0       0       0       0       0       0       0       0
      Locals:         1       0       0       0       0       0       0       0       0       0       0       0       0       0       0       0
      Temps:          0       0       0       0       0       0       0       0       0       0       0       0       0       0       0       0
      Totals:         1       0       0       0       0       0       0       0       0       0       0       0       0       0       0       0
Total ram usage:        1 bytes
 Hardware stack levels used:    1
 Hardware stack levels required when called:    1
 This function calls:
		_USBCtrlTrfTxService
 This function is called by:
		_USBCtrlEPService
 This function uses a non-reentrant model


 *************** function _USBCtrlTrfTxService *****************
 Defined at:
		line 1775 in file "../../../../../../framework/usb/src/usb_device.c"
 Parameters:    Size  Location     Type
		None
 Auto vars:     Size  Location     Type
  byteToSend      1    0[COMRAM] unsigned char 
 Return value:  Size  Location     Type
                  1    wreg      void 
 Registers used:
		wreg, fsr1l, fsr1h, fsr2l, fsr2h, status,2, status,0, tblptrl, tblptrh, tblptru
 Tracked objects:
		On entry : 
		On exit  : 
		Unchanged: 
 Data sizes:     COMRAM   BANK0   BANK1   BANK2   BANK3   BANK4   BANK5   BANK6   BANK7   BANK8   BANK9  BANK10  BANK11  BANK12  BANK13  BANK14
      Params:         0       0       0       0       0       0       0       0       0       0       0       0       0       0       0       0
      Locals:         1       0       0       0       0       0       0       0       0       0       0       0       0       0       0       0
      Temps:          0       0       0       0       0       0       0       0       0       0       0       0       0       0       0       0
      Totals:         1       0       0       0       0       0       0       0       0       0       0       0       0       0       0       0
Total ram usage:        1 bytes
 Hardware stack levels used:    1
 This function calls:
		Nothing
 This function is called by:
		_USBCtrlEPAllowDataStage
		_USBCtrlTrfInHandler
 This function uses a non-reentrant model



MODULE INFORMATION

Module		Function		Class		Link	Load	Size
../demo_src/usb_events.c
		_USER_USB_CALLBACK_EVENT_HANDLER		CODE           	28CA	0000	131

../demo_src/usb_events.c estimated size: 131

../demo_src/app_device_cdc_basic.c
		_APP_DeviceCDCBasicDemoTasks		CODE           	1DE6	0000	241
		_APP_DeviceCDCBasicDemoInitialize		CODE           	2E30	0000	37

../demo_src/app_device_cdc_basic.c estimated size: 278

../../../../../../framework/usb/src/usb_device_cdc.c
		_CDCTxService  		CODE           	1ACA	0000	273
		_CDCInitEP     		CODE           	2A2C	0000	101
		_putUSBUSART   		CODE           	2E54	0000	35
		_putrsUSBUSART 		CODE           	2B3E	0000	77
		_getsUSBUSART  		CODE           	253E	0000	163
		_USBCheckCDCRequest		CODE           	2482	0000	189

../../../../../../framework/usb/src/usb_device_cdc.c estimated size: 838

C:\Program Files (x86)\Microchip\xc8\v2.05\pic\sources\c99\common\memset.c
		_memset        		CODE           	123A	0000	361

C:\Program Files (x86)\Microchip\xc8\v2.05\pic\sources\c99\common\memset.c estimated size: 361

../../../../../../framework/usb/src/usb_device.c
		_USBCtrlTrfInHandler		CODE           	22FE	0000	197
		_USBTransferOnePacket		CODE           	19B0	0000	283
		_USBDeviceAttach		CODE           	2CE8	0000	51
		_USBStdGetDscHandler		CODE           	14DC	0000	313
		_USBCtrlEPAllowDataStage		CODE           	25E0	0000	159
		_USBStdFeatureReqHandler		CODE           	0FCC	0000	623
		_USBCtrlEPAllowStatusStage		CODE           	223A	0000	197
		_USBCtrlTrfSetupHandler		CODE           	283A	0000	145
		_USBCtrlTrfOutHandler		CODE           	2A90	0000	93
		_USBCtrlEPServiceComplete		CODE           	1FBA	0000	225
		_USBSuspend    		CODE           	2DD8	0000	47
		_USBStdSetCfgHandler		CODE           	209A	0000	213
		_USBStdGetStatusHandler		CODE           	23C2	0000	193
		_USBWakeFromSuspend		CODE           	2CB4	0000	53
		_USBCtrlTrfRxService		CODE           	1BDA	0000	267
		_USBCtrlTrfTxService		CODE           	216E	0000	205
		_USBEnableEndpoint		CODE           	2C12	0000	57
		_USBConfigureEndpoint		CODE           	2714	0000	149
		_USBDeviceInit 		CODE           	1614	0000	311
		_USBIncrement1msInternalTimers		CODE           	2E76	0000	31
		_USBCtrlEPService		CODE           	267E	0000	151
		_USBStallHandler		CODE           	2B8A	0000	69
		_USBDeviceTasks		CODE           	13A2	0000	315
		_USBCheckStdRequest		CODE           	1ED6	0000	229

../../../../../../framework/usb/src/usb_device.c estimated size: 4576

../../../../../../bsp/pic18f46j50_pim/leds.c
		_LED_Off       		CODE           	2D7A	0000	49
		_LED_On        		CODE           	2D4A	0000	49
		_LED_Enable    		CODE           	2C80	0000	53

../../../../../../bsp/pic18f46j50_pim/leds.c estimated size: 151

shared
		_configDescriptor1		SMALLCONST     	0F09	0000	68
		_USB_CD_Ptr    		SMALLCONST     	0F07	0000	3
		_sd001         		SMALLCONST     	0F80	0000	53
		i2_BUTTON_Enable		CODE           	2E06	0000	43
		_sd002         		SMALLCONST     	0F4C	0000	53
		i2_USBDeviceInit		CODE           	174A	0000	309
		__initialization		CODE           	2AEC	0000	69
		_device_dsc    		SMALLCONST     	0FB4	0000	19
		i2_SYSTEM_Initialize		CODE           	29BE	0000	111
		_USB_SD_Ptr    		SMALLCONST     	0F01	0000	7
		i2_LED_Enable  		CODE           	2D1A	0000	49
		i2_memset      		CODE           	187E	0000	307
		_sd000         		SMALLCONST     	0FC6	0000	5
		i2_USBTransferOnePacket		CODE           	1CE4	0000	259

shared estimated size: 1355

../../../../../../bsp/pic18f46j50_pim/buttons.c
		_BUTTON_IsPressed		CODE           	2C4A	0000	55
		_BUTTON_Enable 		CODE           	2DAA	0000	47

../../../../../../bsp/pic18f46j50_pim/buttons.c estimated size: 102

C:\Program Files (x86)\Microchip\xc8\v2.05\pic\sources\c99\common\memcpy.c
		_memcpy        		CODE           	2BCE	0000	69

C:\Program Files (x86)\Microchip\xc8\v2.05\pic\sources\c99\common\memcpy.c estimated size: 69

system.c
		_SYS_InterruptHigh		CODE           	0008	0000	91
		_SYSTEM_Initialize		CODE           	294C	0000	115

system.c estimated size: 206

../demo_src/app_led_usb_status.c
		_APP_LEDUpdateUSBStatus		CODE           	27A8	0000	147

../demo_src/app_led_usb_status.c estimated size: 147

../demo_src/main.c
		_main          		CODE           	2E94	0000	21

../demo_src/main.c estimated size: 21

